// Jest Snapshot v1, https://jestjs.io/docs/snapshot-testing

exports[`Textarea Component should match snapshot. 1`] = `
<div>
  <div
    class="container medium"
  >
    <label
      class="label"
      for="_r_0_"
    >
      Snapshot Textarea
    </label>
    <div
      class="content"
    >
      <textarea
        class="textarea"
        id="_r_0_"
        placeholder="Enter text here"
        rows="4"
        style="resize: vertical;"
      />
    </div>
  </div>
</div>
`;
